// Jest Snapshot v1, https://goo.gl/fbAQLP

exports[`P snapshots should render P 1`] = `
<DocumentFragment>
  <p
    class="Typography Typography--regular Typography--normal Typography--p Typography--without-margin"
    data-test-text=""
    style="color: rgb(30, 40, 57); text-align: inherit;"
  >
    P
  </p>
</DocumentFragment>
`;
