// Jest Snapshot v1, https://goo.gl/fbAQLP

exports[`H3 snapshots should render H3 1`] = `
<DocumentFragment>
  <h3
    class="Typography Typography--regular Typography--normal Typography--h3 Typography--without-margin"
    data-test-text=""
    style="color: rgb(30, 40, 57); text-align: inherit;"
  >
    H3
  </h3>
</DocumentFragment>
`;
